===== /mnt/virtio/Music/Beets/Metallica/2008 - Death Magnetic
arver wrote 10 tracks
  01 That Was Just Your Life.flac          ours C17988C5/B0B2DAD2  arver C17988C5/B0B2DAD2  MATCH
  02 The End of the Line.flac              ours 897D5A26/A6FAA842  arver 897D5A26/A6FAA842  MATCH
  03 Broken, Beat & Scarred.flac           ours 2711AF70/717F9557  arver 2711AF70/717F9557  MATCH
  04 The Day That Never Comes.flac         ours BE43B660/1FB78FBE  arver BE43B660/1FB78FBE  MATCH
  05 All Nightmare Long.flac               ours 8F32A2A3/1C45EF35  arver 8F32A2A3/1C45EF35  MATCH
  06 Cyanide.flac                          ours 8EE8FCC9/385F95CB  arver 8EE8FCC9/385F95CB  MATCH
  07 The Unforgiven III.flac               ours 781FB63A/3FB9EC57  arver 781FB63A/3FB9EC57  MATCH
  08 The Judas Kiss.flac                   ours 4413C401/ED303A31  arver 4413C401/ED303A31  MATCH
  09 Suicide & Redemption.flac             ours EBE56F1A/AC89A402  arver EBE56F1A/AC89A402  MATCH
  10 My Apocalypse.flac                    ours DA665651/F0530FCB  arver DA665651/F0530FCB  MATCH
TOTAL match=10 mismatch=0
===== /mnt/virtio/Music/Beets/Red Hot Chili Peppers/1999 - Californication
arver wrote 15 tracks
  01 Around the World.flac                 ours 190FBEF3/B1376308  arver 190FBEF3/B1376308  MATCH
  02 Parallel Universe.flac                ours DC16BDB9/5FDB42F1  arver DC16BDB9/5FDB42F1  MATCH
  03 Scar Tissue.flac                      ours 5805DE10/5E2D2483  arver 5805DE10/5E2D2483  MATCH
  04 Otherside.flac                        ours 3C44FFD5/29FB832B  arver 3C44FFD5/29FB832B  MATCH
  05 Get on Top.flac                       ours EE03E9C2/C2C30FD9  arver EE03E9C2/C2C30FD9  MATCH
  06 Californication.flac                  ours 905E35DB/F2BBAB37  arver 905E35DB/F2BBAB37  MATCH
  07 Easily.flac                           ours 2F8F5C84/D7E3B61A  arver 2F8F5C84/D7E3B61A  MATCH
  08 Porcelain.flac                        ours 0C2A6301/B078552C  arver 0C2A6301/B078552C  MATCH
  09 Emit Remmus.flac                      ours F94D5C9A/C358000A  arver F94D5C9A/C358000A  MATCH
  10 I Like Dirt.flac                      ours 4454691D/E1612934  arver 4454691D/E1612934  MATCH
  11 This Velvet Glove.flac                ours 6FBBC8C6/C370BEDE  arver 6FBBC8C6/C370BEDE  MATCH
  12 Savior.flac                           ours 4829874A/C395D2E4  arver 4829874A/C395D2E4  MATCH
  13 Purple Stain.flac                     ours 0CBFC66D/EAEFA5D3  arver 0CBFC66D/EAEFA5D3  MATCH
  14 Right on Time.flac                    ours CA376BFE/31BD24AC  arver CA376BFE/31BD24AC  MATCH
  15 Road Trippin'.flac                    ours 0C812958/2E261D97  arver 0C812958/2E261D97  MATCH
TOTAL match=15 mismatch=0
